Make a directory
mkdir [directory-name]

Delete a directory
rmdir [directory-name]

list all the files and folders
ls 

Change a directory
cd [directory-name]

create a files
touch [filename.filename ext]

Delete a file
rm [filename.extension]

Agustin Acob@SWITCHMEDIA-LT01 MINGW64 ~/Documents/PHT10
$ git config --global user.name "acobagustin"
Agustin Acob@SWITCHMEDIA-LT01 MINGW64 ~/Documents/PHT10
$ git config user.name
acobagustin
Agustin Acob@SWITCHMEDIA-LT01 MINGW64 ~/Documents/PHT10
$ git config --global user.email "acob.agustin@gmail.com"
Agustin Acob@SWITCHMEDIA-LT01 MINGW64 ~/Documents/PHT10
$ git config user.email
acob.agustin@gmail.com
Agustin Acob@SWITCHMEDIA-LT01 MINGW64 ~/Documents/PHT10
$ git init
Initialized empty Git repository in C:/Users/Agustin Acob/Documents/PHT10/.git/
Agustin Acob@SWITCHMEDIA-LT01 MINGW64 ~/Documents/PHT10 (master)
$ git status
On branch master

No commits yet

Untracked files:
  (use "git add <file>..." to include in what will be committed)
        1 - Mastering CLI/

nothing added to commit but untracked files present (use "git add" to track)
Agustin Acob@SWITCHMEDIA-LT01 MINGW64 ~/Documents/PHT10 (master)
$ git add .
Agustin Acob@SWITCHMEDIA-LT01 MINGW64 ~/Documents/PHT10 (master)
$ git status
On branch master

No commits yet

Changes to be committed:
  (use "git rm --cached <file>..." to unstage)
        new file:   1 - Mastering CLI/notes_for_mastering_cli.txt

Changes not staged for commit:
  (use "git add <file>..." to update what will be committed)
  (use "git restore <file>..." to discard changes in working directory)
        modified:   1 - Mastering CLI/notes_for_mastering_cli.txt
Agustin Acob@SWITCHMEDIA-LT01 MINGW64 ~/Documents/PHT10 (master)
$ git commit -m "Created notes.txt for mastering CLI"
[master (root-commit) 1625ddc] Created notes.txt for mastering CLI
 1 file changed, 42 insertions(+)
 create mode 100644 1 - Mastering CLI/notes_for_mastering_cli.txt
 